// Jest Snapshot v1, https://goo.gl/fbAQLP

exports[`Cart renders 1`] = `
<dialog
  aria-describedby="Adjust items in your cart and order when ready"
  aria-labelledby="Cart Summary"
  class="dialog"
  open=""
>
  <section
    class="cart"
  >
    <ul>
      <li
        class="cart__list-item"
      >
        <div
          class="cart-item"
        >
          <div
            class="cart-item__details"
          >
            <h3
              class="cart-item__title"
            >
              Sushi
            </h3>
            <span
              class="cart-item__price"
            >
              £22.99
            </span>
            <span
              class="chip cart-item__amount"
            >
              x 1
            </span>
          </div>
          <div
            class="cart-item__actions"
          >
            <button
              class="btn btn--light btn--small"
            >
              −
            </button>
            <button
              class="btn btn--light btn--small"
            >
              +
            </button>
          </div>
        </div>
      </li>
      <li
        class="cart__list-item"
      >
        <div
          class="cart-item"
        >
          <div
            class="cart-item__details"
          >
            <h3
              class="cart-item__title"
            >
              Schnitzel
            </h3>
            <span
              class="cart-item__price"
            >
              £16.50
            </span>
            <span
              class="chip cart-item__amount"
            >
              x 4
            </span>
          </div>
          <div
            class="cart-item__actions"
          >
            <button
              class="btn btn--light btn--small"
            >
              −
            </button>
            <button
              class="btn btn--light btn--small"
            >
              +
            </button>
          </div>
        </div>
      </li>
    </ul>
    <div
      class="cart__total"
    >
      <span>
        Total Amount
      </span>
      <span>
        £88.99
      </span>
    </div>
    <div
      class="cart__actions"
    >
      <button
        class="btn btn--light"
      >
        Close
      </button>
      <button
        class="btn btn--primary"
      >
        Order
      </button>
    </div>
  </section>
</dialog>
`;
