// Jest Snapshot v1, https://goo.gl/fbAQLP

exports[`CartItem renders all the props 1`] = `
<div
  class="cart-item"
>
  <div
    class="cart-item__details"
  >
    <h3
      class="cart-item__title"
    >
      Schnitzel
    </h3>
    <span
      class="cart-item__price"
    >
      £16.50
    </span>
    <span
      class="chip cart-item__amount"
    >
      x 4
    </span>
  </div>
  <div
    class="cart-item__actions"
  >
    <button
      class="btn btn--light btn--small"
    >
      −
    </button>
    <button
      class="btn btn--light btn--small"
    >
      +
    </button>
  </div>
</div>
`;
